2024-02-21T12:27:57.616Z server [32minfo[39m GET /api/health/ping {"NODE_ENV":"test"}
2024-02-21T12:27:57.621Z server [32minfo[39m GET 200 /api/health/ping {"NODE_ENV":"test"}
2024-02-21T12:28:11.450Z server [32minfo[39m GET /api/health/ping {"NODE_ENV":"test"}
2024-02-21T12:28:11.454Z server [32minfo[39m GET 200 /api/health/ping {"NODE_ENV":"test"}
2024-02-21T12:29:46.411Z server [32minfo[39m GET /api/health/ping {"NODE_ENV":"test"}
2024-02-21T12:29:46.418Z server [32minfo[39m GET 200 /api/health/ping {"NODE_ENV":"test"}
2024-02-21T12:30:13.481Z server [32minfo[39m GET /api/health/ping {"NODE_ENV":"test"}
2024-02-21T12:30:13.485Z server [32minfo[39m GET 200 /api/health/ping {"NODE_ENV":"test"}
2024-02-21T12:30:13.493Z server [32minfo[39m Server stopped {"NODE_ENV":"test"}
2024-02-21T12:33:58.849Z server [32minfo[39m GET /api/health/ping {"NODE_ENV":"test"}
2024-02-21T12:33:58.853Z server [32minfo[39m GET 200 /api/health/ping {"NODE_ENV":"test"}
2024-02-21T12:33:58.868Z server [32minfo[39m GET /api/health/version {"NODE_ENV":"test"}
2024-02-21T12:33:58.868Z server [32minfo[39m GET 200 /api/health/version {"NODE_ENV":"test"}
2024-02-21T12:33:58.880Z server [32minfo[39m Server stopped {"NODE_ENV":"test"}
2024-02-21T12:34:27.759Z server [32minfo[39m GET /api/health/ping {"NODE_ENV":"test"}
2024-02-21T12:34:27.763Z server [32minfo[39m GET 200 /api/health/ping {"NODE_ENV":"test"}
2024-02-21T12:34:27.778Z server [32minfo[39m GET /api/health/version {"NODE_ENV":"test"}
2024-02-21T12:34:27.779Z server [32minfo[39m GET 200 /api/health/version {"NODE_ENV":"test"}
2024-02-21T12:34:27.781Z server [32minfo[39m Server stopped {"NODE_ENV":"test"}
2024-02-21T12:35:07.859Z server [32minfo[39m GET /api/health/ping {"NODE_ENV":"test"}
2024-02-21T12:35:07.863Z server [32minfo[39m GET 200 /api/health/ping {"NODE_ENV":"test"}
2024-02-21T12:35:07.876Z server [32minfo[39m GET /api/health/version {"NODE_ENV":"test"}
2024-02-21T12:35:07.877Z server [32minfo[39m GET 200 /api/health/version {"NODE_ENV":"test"}
2024-02-21T12:35:07.878Z server [32minfo[39m Server stopped {"NODE_ENV":"test"}
2024-02-21T13:09:01.597Z server [32minfo[39m GET /api/health/ping {"NODE_ENV":"test"}
2024-02-21T13:09:01.602Z server [32minfo[39m GET 200 /api/health/ping {"NODE_ENV":"test"}
2024-02-21T13:09:01.621Z server [32minfo[39m GET /api/health/version {"NODE_ENV":"test"}
2024-02-21T13:09:01.622Z server [32minfo[39m GET 200 /api/health/version {"NODE_ENV":"test"}
2024-02-21T13:09:01.624Z server [32minfo[39m Server stopped {"NODE_ENV":"test"}
